Creating neighborhood-library-platform_api_run ... 
Creating neighborhood-library-platform_api_run ... done
Found 21 test(s).
Creating test database for alias 'default' ('test_neighborhood_library')...
[36;1mOperations to perform:[0m
[1m  Synchronize unmigrated apps: [0mcorsheaders, django_filters, drf_spectacular, messages, rest_framework, staticfiles
[1m  Apply all migrations: [0madmin, auth, authtoken, contenttypes, core, sessions
[36;1mSynchronizing apps without migrations:[0m
  Creating tables...
    Running deferred SQL...
[36;1mRunning migrations:[0m
  Applying contenttypes.0001_initial...[32;1m OK[0m
  Applying auth.0001_initial...[32;1m OK[0m
  Applying admin.0001_initial...[32;1m OK[0m
  Applying admin.0002_logentry_remove_auto_add...[32;1m OK[0m
  Applying admin.0003_logentry_add_action_flag_choices...[32;1m OK[0m
  Applying contenttypes.0002_remove_content_type_name...[32;1m OK[0m
  Applying auth.0002_alter_permission_name_max_length...[32;1m OK[0m
  Applying auth.0003_alter_user_email_max_length...[32;1m OK[0m
  Applying auth.0004_alter_user_username_opts...[32;1m OK[0m
  Applying auth.0005_alter_user_last_login_null...[32;1m OK[0m
  Applying auth.0006_require_contenttypes_0002...[32;1m OK[0m
  Applying auth.0007_alter_validators_add_error_messages...[32;1m OK[0m
  Applying auth.0008_alter_user_username_max_length...[32;1m OK[0m
  Applying auth.0009_alter_user_last_name_max_length...[32;1m OK[0m
  Applying auth.0010_alter_group_name_max_length...[32;1m OK[0m
  Applying auth.0011_update_proxy_permissions...[32;1m OK[0m
  Applying auth.0012_alter_user_first_name_max_length...[32;1m OK[0m
  Applying authtoken.0001_initial...[32;1m OK[0m
  Applying authtoken.0002_auto_20160226_1747...[32;1m OK[0m
  Applying authtoken.0003_tokenproxy...[32;1m OK[0m
  Applying core.0001_initial...[32;1m OK[0m
  Applying core.0002_member_password...[32;1m OK[0m
  Applying core.0003_make_password_not_null_and_hash...[32;1m OK[0m
  Applying core.0004_apitoken...[32;1m OK[0m
  Applying core.0005_add_constraints_for_data_integrity...[32;1m OK[0m
  Applying sessions.0001_initial...[32;1m OK[0m
Destroying test database for alias 'default' ('test_neighborhood_library')...
Traceback (most recent call last):
  File "/app/manage.py", line 22, in <module>
    main()
  File "/app/manage.py", line 18, in main
    execute_from_command_line(sys.argv)
  File "/usr/local/lib/python3.12/site-packages/django/core/management/__init__.py", line 442, in execute_from_command_line
    utility.execute()
  File "/usr/local/lib/python3.12/site-packages/django/core/management/__init__.py", line 436, in execute
    self.fetch_command(subcommand).run_from_argv(self.argv)
  File "/usr/local/lib/python3.12/site-packages/django/core/management/commands/test.py", line 24, in run_from_argv
    super().run_from_argv(argv)
  File "/usr/local/lib/python3.12/site-packages/django/core/management/base.py", line 412, in run_from_argv
    self.execute(*args, **cmd_options)
  File "/usr/local/lib/python3.12/site-packages/django/core/management/base.py", line 458, in execute
    output = self.handle(*args, **options)
             ^^^^^^^^^^^^^^^^^^^^^^^^^^^^^
  File "/usr/local/lib/python3.12/site-packages/django/core/management/commands/test.py", line 68, in handle
    failures = test_runner.run_tests(test_labels)
               ^^^^^^^^^^^^^^^^^^^^^^^^^^^^^^^^^^
  File "/usr/local/lib/python3.12/site-packages/django/test/runner.py", line 1060, in run_tests
    self.run_checks(databases)
  File "/usr/local/lib/python3.12/site-packages/django/test/runner.py", line 977, in run_checks
    call_command("check", verbosity=self.verbosity, databases=databases)
  File "/usr/local/lib/python3.12/site-packages/django/core/management/__init__.py", line 194, in call_command
    return command.execute(*args, **defaults)
           ^^^^^^^^^^^^^^^^^^^^^^^^^^^^^^^^^^
  File "/usr/local/lib/python3.12/site-packages/django/core/management/base.py", line 458, in execute
    output = self.handle(*args, **options)
             ^^^^^^^^^^^^^^^^^^^^^^^^^^^^^
  File "/usr/local/lib/python3.12/site-packages/django/core/management/commands/check.py", line 76, in handle
    self.check(
  File "/usr/local/lib/python3.12/site-packages/django/core/management/base.py", line 485, in check
    all_issues = checks.run_checks(
                 ^^^^^^^^^^^^^^^^^^
  File "/usr/local/lib/python3.12/site-packages/django/core/checks/registry.py", line 88, in run_checks
    new_errors = check(app_configs=app_configs, databases=databases)
                 ^^^^^^^^^^^^^^^^^^^^^^^^^^^^^^^^^^^^^^^^^^^^^^^^^^^
  File "/usr/local/lib/python3.12/site-packages/django/core/checks/urls.py", line 14, in check_url_config
    return check_resolver(resolver)
           ^^^^^^^^^^^^^^^^^^^^^^^^
  File "/usr/local/lib/python3.12/site-packages/django/core/checks/urls.py", line 24, in check_resolver
    return check_method()
           ^^^^^^^^^^^^^^
  File "/usr/local/lib/python3.12/site-packages/django/urls/resolvers.py", line 494, in check
    for pattern in self.url_patterns:
                   ^^^^^^^^^^^^^^^^^
  File "/usr/local/lib/python3.12/site-packages/django/utils/functional.py", line 57, in __get__
    res = instance.__dict__[self.name] = self.func(instance)
                                         ^^^^^^^^^^^^^^^^^^^
  File "/usr/local/lib/python3.12/site-packages/django/urls/resolvers.py", line 715, in url_patterns
    patterns = getattr(self.urlconf_module, "urlpatterns", self.urlconf_module)
                       ^^^^^^^^^^^^^^^^^^^
  File "/usr/local/lib/python3.12/site-packages/django/utils/functional.py", line 57, in __get__
    res = instance.__dict__[self.name] = self.func(instance)
                                         ^^^^^^^^^^^^^^^^^^^
  File "/usr/local/lib/python3.12/site-packages/django/urls/resolvers.py", line 708, in urlconf_module
    return import_module(self.urlconf_name)
           ^^^^^^^^^^^^^^^^^^^^^^^^^^^^^^^^
  File "/usr/local/lib/python3.12/importlib/__init__.py", line 90, in import_module
    return _bootstrap._gcd_import(name[level:], package, level)
           ^^^^^^^^^^^^^^^^^^^^^^^^^^^^^^^^^^^^^^^^^^^^^^^^^^^^
  File "<frozen importlib._bootstrap>", line 1387, in _gcd_import
  File "<frozen importlib._bootstrap>", line 1360, in _find_and_load
  File "<frozen importlib._bootstrap>", line 1331, in _find_and_load_unlocked
  File "<frozen importlib._bootstrap>", line 935, in _load_unlocked
  File "<frozen importlib._bootstrap_external>", line 999, in exec_module
  File "<frozen importlib._bootstrap>", line 488, in _call_with_frames_removed
  File "/app/library_service/config/urls.py", line 10, in <module>
    from library_service.apps.core.auth_views import SignupView, LoginView, LogoutView, CurrentUserView
  File "/app/library_service/apps/core/auth_views.py", line 11, in <module>
    from .protobuf_mixins import LoginProtobufMixin, SignupProtobufMixin
  File "/app/library_service/apps/core/protobuf_mixins.py", line 4, in <module>
    from .proto_generated import library_pb2
  File "/app/library_service/apps/core/proto_generated/library_pb2.py", line 9, in <module>
    from google.protobuf import runtime_version as _runtime_version
ImportError: cannot import name 'runtime_version' from 'google.protobuf' (/usr/local/lib/python3.12/site-packages/google/protobuf/__init__.py)
1
